
> xieriee-2.0-flamethrower@0.1.0 build
> next build

node.exe : [baselin
e-browser-mapping] 
The data in this 
module is over two 
months old.  To 
ensure accurate 
Baseline data, 
please update: 
`npm i baseline-bro
wser-mapping@latest
 -D`
At line:1 char:1
+ & "C:\Program Fil
es\nodejs/node.exe"
 "C:\Users\Lenovo\A
ppData\Roaming ...
+ ~~~~~~~~~~~~~~~~~
~~~~~~~~~~~~~~~~~~~
~~~~~~~~~~~~~~~~~~~
~~~~~~~~~~~~~~
    + CategoryInfo 
             : No  
  tSpecified: ([   
 baseline-brows    
...ping@latest     
-D`:String) [    
], RemoteExcep    
tion
    + FullyQualifi 
   edErrorId : Na  
  tiveCommandErr   
 or
 
   Γû▓ Next.js 16.0.5 (Turbopack)
   - Environments: .env
   - Experiments (use with caution):
     ┬╖ optimizePackageImports
     ┬╖ serverActions

   Creating an optimized production build ...
[baseline-browser-m
apping] The data 
in this module is 
over two months 
old.  To ensure 
accurate Baseline 
data, please 
update: `npm i base
line-browser-mappin
g@latest -D`
 Γ£ô Compiled successfully in 26.6s
   Running TypeScript ...
Failed to compile.

./src/components/si
debar/LeftSidebar.t
sx:219:41
Type error: Type 
'{ appearance: { 
elements: { 
avatarBox: string; 
}; }; }' is not 
assignable to type 
'IntrinsicAttribute
s & 
UserButtonProps'.
  Property 
'appearance' does 
not exist on type '
IntrinsicAttributes
 & 
UserButtonProps'.

[0m [90m 217 
|[39m             
        [33m<[39m
[33mdiv[39m class
Name[33m=[39m[32
m"flex 
items-center gap-3 
p-2 rounded-xl 
bg-white/5 border 
border-white/5 hove
r:border-white/10 
hover:bg-white/10 
transition-all 
cursor-pointer grou
p"[39m[33m>[39m
 [90m 218 |[39m  
                   
    [33m<[39m[33
mdiv[39m className
[33m=[39m[32m"re
lative w-9 h-9 
rounded-lg 
overflow-hidden 
ring-1 ring-white/1
0"[39m[33m>[39m
[31m[1m>[22m[39
m[90m 219 |[39m  
                   
        [33m<[39m
[33mUserButton[39
m appearance[33m=
[39m{{ elements[33
m:[39m { avatarBox
[33m:[39m 
[32m"w-9 
h-9"[39m } }} [33
m/[39m[33m>[39m
 [90m     |[39m  
                   
                   
 [31m[1m^[22m[3
9m
 [90m 220 |[39m  
                   
    [33m<[39m[33
m/[39m[33mdiv[39
m[33m>[39m
 [90m 221 |[39m  
                   
    [33m<[39m[33
mdiv[39m className
[33m=[39m[32m"fl
ex-1 min-w-0"[39m
[33m>[39m
 [90m 222 |[39m  
                   
        [33m<[39m
[33mdiv[39m class
Name[33m=[39m[32
m"text-sm 
font-semibold 
text-white truncate
"[39m[33m>[39m{u
ser[33m.[39mdispl
ayName 
[33m||[39m [32m'
Creator'[39m}[33m
<[39m[33m/[39m[
33mdiv[39m[33m>[
39m[0m
Next.js build 
worker exited with 
code: 1 and 
signal: null
